2026-08-25T22:44:35.752923+00:00 donay su[1888]: (to donay) attack on tty1
2026-08-25T22:44:35.756919+00:00 donay su[1888]: pam_unix(su-l:session): session opened for user donay(uid=1000) by donay(uid=1002)
2026-08-25T22:45:06.473075+00:00 donay sudo: pam_unix(sudo:session): session opened for user root(uid=0) by donay(uid=1000)
2026-08-25T22:45:06.473235+00:00 donay sudo: donay : TTY=/dev/tty1 ; PWD=/home/donay ; USER=root ; COMMAND=/usr/bin/apt update
2026-08-25T22:45:18.479752+00:00 donay sudo: pam_unix(sudo:session): session closed for user root
2026-08-25T22:45:18.562070+00:00 donay sudo: pam_unix(sudo:session): session opened for user root(uid=0) by donay(uid=1000)
2026-08-25T22:45:18.562233+00:00 donay sudo: donay : TTY=/dev/tty1 ; PWD=/home/donay ; USER=root ; COMMAND=/usr/bin/apt upgrade -y
2026-08-25T23:13:04.472873+00:00 donay sshd[1226]: Received signal 15; terminating.
2026-08-25T23:13:04.509982+00:00 donay sshd[22571]: Server listening on 0.0.0.0 port 2222.
2026-08-25T23:13:04.539001+00:00 donay sshd[22571]: Server listening on :: port 2222.
2026-08-25T23:13:15.286572+00:00 donay sudo: pam_unix(sudo:session): session closed for user root
2026-08-25T23:17:01.191350+00:00 donay CRON[22665]: pam_unix(cron:session): session opened for user root(uid=0) by root(uid=0)
2026-08-25T23:17:01.209250+00:00 donay CRON[22665]: pam_unix(cron:session): session closed for user root
2026-08-26T00:17:01.473571+00:00 donay CRON[22882]: pam_unix(cron:session): session opened for user root(uid=0) by root(uid=0)
2026-08-26T00:17:01.531537+00:00 donay CRON[22882]: pam_unix(cron:session): session closed for user root
2026-08-26T03:00:04.335833+00:00 donay systemd-logind[1063]: New seat seat0.
2026-08-26T03:00:04.200248+00:00 donay systemd-logind[1063]: Watching system buttons on /dev/input/event0 (Power Button)
2026-08-26T03:00:04.200294+00:00 donay systemd-logind[1063]: Watching system buttons on /dev/input/event1 (Sleep Button)
2026-08-26T03:00:04.200320+00:00 donay systemd-logind[1063]: Watching system buttons on /dev/input/event2 (AT Translated Set 2 keyboard)
2026-08-26T03:00:06.428697+00:00 donay sshd[1179]: Server listening on 0.0.0.0 port 2222.
2026-08-26T03:00:06.428877+00:00 donay sshd[1179]: Server listening on :: port 2222.
2026-08-26T03:00:42.242340+00:00 donay login: pam_unix(login:session): session opened for user donay(uid=1000) by donay(uid=0)
2026-08-26T03:00:42.656747+00:00 donay systemd-logind[1063]: New session '1' of user 'donay' with class 'user' and type 'tty'.
2026-08-26T03:00:43.297888+00:00 donay (systemd): pam_unix(systemd-user:session): session opened for user donay(uid=1000) by donay(uid=0)
2026-08-26T03:00:43.305350+00:00 donay systemd-logind[1063]: New session '2' of user 'donay' with class 'manager' and type 'unspecified'.
2026-08-26T03:01:09.524470+00:00 donay su[1702]: (to test) donay on tty1
2026-08-26T03:01:09.526171+00:00 donay su[1702]: pam_unix(su-l:session): session opened for user test(uid=1003) by donay(uid=1000)
2026-08-26T03:01:16.972004+00:00 donay unix_chkpwd[1768]: password check failed for user (attack)
2026-08-26T03:01:16.974681+00:00 donay su: pam_unix(su-l:auth): authentication failure; logname=donay uid=1003 euid=0 tty=/dev/tty1 ruser=test rhost=  user=attack
2026-08-26T03:01:19.219176+00:00 donay su[1766]: FAILED SU (to attack) test on tty1
2026-08-26T03:01:31.440016+00:00 donay su[1803]: (to donay) test on tty1
2026-08-26T03:01:31.442024+00:00 donay su[1803]: pam_unix(su-l:session): session opened for user donay(uid=1000) by donay(uid=1003)
2026-08-26T03:03:09.303211+00:00 donay sudo: pam_unix(sudo:session): session opened for user root(uid=0) by donay(uid=1000)
2026-08-26T03:03:09.303500+00:00 donay sudo: donay : TTY=/dev/tty1 ; PWD=/home/donay ; USER=root ; COMMAND=/usr/bin/apt install -y python3-pip python3-dev build-essentials git tshark tcpdump p7zip-full jq
2026-08-26T03:03:10.121137+00:00 donay sudo: pam_unix(sudo:session): session closed for user root
2026-08-26T03:03:46.895587+00:00 donay sudo: pam_unix(sudo:session): session opened for user root(uid=0) by donay(uid=1000)
2026-08-26T03:03:46.896706+00:00 donay sudo: donay : TTY=/dev/tty1 ; PWD=/home/donay ; USER=root ; COMMAND=/usr/bin/apt install -y python3-pip python3-dev build-essential git tshark tcpdump p7zip-full jq
2026-08-26T03:10:01.369784+00:00 donay CRON[1946]: pam_unix(cron:session): session opened for user root(uid=0) by root(uid=0)
2026-08-26T03:10:01.382392+00:00 donay CRON[1946]: pam_unix(cron:session): session closed for user root
2026-08-26T03:17:01.518487+00:00 donay CRON[1962]: pam_unix(cron:session): session opened for user root(uid=0) by root(uid=0)
2026-08-26T03:17:01.597404+00:00 donay CRON[1962]: pam_unix(cron:session): session closed for user root
2026-08-26T03:19:15.510936+00:00 donay groupadd[2837]: group added to /etc/group: name=wireshark, GID=109
2026-08-26T03:19:15.519877+00:00 donay groupadd[2837]: group added to /etc/gshadow: name=wireshark
2026-08-26T03:19:15.521879+00:00 donay groupadd[2837]: new group: name=wireshark, GID=109
2026-08-26T03:19:38.225032+00:00 donay sudo: pam_unix(sudo:session): session closed for user root
2026-08-26T04:17:01.664011+00:00 donay CRON[3144]: pam_unix(cron:session): session opened for user root(uid=0) by root(uid=0)
2026-08-26T04:17:01.689793+00:00 donay CRON[3144]: pam_unix(cron:session): session closed for user root
2026-08-26T04:28:21.171187+00:00 donay sudo: pam_unix(sudo:session): session opened for user root(uid=0) by donay(uid=1000)
2026-08-26T04:28:21.185692+00:00 donay sudo: donay : TTY=/dev/tty1 ; PWD=/ ; USER=root ; COMMAND=/usr/bin/systemctl enable ssh -now
2026-08-26T04:28:21.196650+00:00 donay sudo: pam_unix(sudo:session): session closed for user root
2026-08-26T04:28:25.027137+00:00 donay sudo: pam_unix(sudo:session): session opened for user root(uid=0) by donay(uid=1000)
2026-08-26T04:28:25.070720+00:00 donay sudo: donay : TTY=/dev/tty1 ; PWD=/ ; USER=root ; COMMAND=/usr/bin/systemctl enable ssh --now
2026-08-26T04:28:27.441242+00:00 donay sudo: pam_unix(sudo:session): session closed for user root
2026-08-26T04:28:42.272936+00:00 donay sudo: pam_unix(sudo:session): session opened for user root(uid=0) by donay(uid=1000)
2026-08-26T04:28:42.280408+00:00 donay sudo: donay : TTY=/dev/tty1 ; PWD=/ ; USER=root ; COMMAND=/usr/sbin/ufw allow openssh
2026-08-26T04:28:42.799088+00:00 donay sudo: pam_unix(sudo:session): session closed for user root
2026-08-26T04:28:49.199226+00:00 donay sudo: pam_unix(sudo:session): session opened for user root(uid=0) by donay(uid=1000)
2026-08-26T04:28:49.199802+00:00 donay sudo: donay : TTY=/dev/tty1 ; PWD=/ ; USER=root ; COMMAND=/usr/sbin/ufw status
2026-08-26T04:28:49.342198+00:00 donay sudo: pam_unix(sudo:session): session closed for user root
2026-08-26T04:30:16.350580+00:00 donay unix_chkpwd[3726]: password check failed for user (attack)
2026-08-26T04:30:16.353920+00:00 donay su: pam_unix(su-l:auth): authentication failure; logname=donay uid=1000 euid=0 tty=/dev/tty1 ruser=donay rhost=  user=attack
2026-08-26T04:30:18.217154+00:00 donay su[3724]: FAILED SU (to attack) donay on tty1
2026-08-26T04:30:22.595292+00:00 donay su[3736]: (to attack) donay on tty1
2026-08-26T04:30:22.608475+00:00 donay su[3736]: pam_unix(su-l:session): session opened for user attack(uid=1002) by donay(uid=1000)
2026-08-26T04:34:12.394512+00:00 donay sshd-session[3785]: Accepted keyboard-interactive/pam for attack from 192.168.1.35 port 57423 ssh2
2026-08-26T04:34:12.399634+00:00 donay sshd-session[3785]: pam_unix(sshd:session): session opened for user attack(uid=1002) by attack(uid=0)
2026-08-26T04:34:12.443475+00:00 donay systemd-logind[1063]: New session '6' of user 'attack' with class 'user' and type 'tty'.
2026-08-26T04:34:12.599325+00:00 donay (systemd): pam_unix(systemd-user:session): session opened for user attack(uid=1002) by attack(uid=0)
2026-08-26T04:34:12.602435+00:00 donay systemd-logind[1063]: New session '7' of user 'attack' with class 'manager' and type 'unspecified'.
2026-08-26T04:34:15.584707+00:00 donay sshd-session[3785]: lastlog_openseek: Couldn't stat /var/log/lastlog: No such file or directory
2026-08-26T04:34:15.586784+00:00 donay sshd-session[3785]: lastlog_openseek: Couldn't stat /var/log/lastlog: No such file or directory
2026-08-26T04:38:00.460597+00:00 donay sshd-session[3907]: Received disconnect from 192.168.1.35 port 57423:11: disconnected by user
2026-08-26T04:38:00.470663+00:00 donay sshd-session[3907]: Disconnected from user attack 192.168.1.35 port 57423
2026-08-26T04:38:00.471786+00:00 donay sshd-session[3785]: pam_unix(sshd:session): session closed for user attack
2026-08-26T04:38:00.472679+00:00 donay sshd-session[3785]: syslogin_perform_logout: logout() returned an error
2026-08-26T04:38:00.482295+00:00 donay systemd-logind[1063]: Session 6 logged out. Waiting for processes to exit.
2026-08-26T04:38:00.498379+00:00 donay systemd-logind[1063]: Removed session 6.
2026-08-26T04:38:10.828859+00:00 donay systemd-logind[1063]: Removed session 7.
2026-08-26T05:17:01.967863+00:00 donay CRON[4107]: pam_unix(cron:session): session opened for user root(uid=0) by root(uid=0)
2026-08-26T05:17:02.037327+00:00 donay CRON[4107]: pam_unix(cron:session): session closed for user root
2026-08-26T05:19:04.389096+00:00 donay su[4127]: (to donay) attack on tty1
2026-08-26T05:19:04.482654+00:00 donay su[4127]: pam_unix(su-l:session): session opened for user donay(uid=1000) by donay(uid=1002)
2026-08-26T05:19:40.446033+00:00 donay sudo: pam_unix(sudo:session): session opened for user root(uid=0) by donay(uid=1000)
2026-08-26T05:19:40.458145+00:00 donay sudo: donay : TTY=/dev/tty1 ; PWD=/home/donay ; USER=root ; COMMAND=/usr/bin/tee /etc/sudoers.d/attack
2026-08-26T05:26:24.908522+00:00 donay sudo: pam_unix(sudo:session): session closed for user root
2026-08-26T05:26:26.815784+00:00 donay sudo: pam_unix(sudo:session): session opened for user root(uid=0) by donay(uid=1000)
2026-08-26T05:26:26.816888+00:00 donay sudo: donay : TTY=/dev/tty1 ; PWD=/home/donay ; USER=root ; COMMAND=/usr/bin/tee /etc/sudoers.d/attack
2026-08-26T05:26:32.053547+00:00 donay sudo: pam_unix(sudo:session): session closed for user root
2026-08-26T05:31:03.199771+00:00 donay sudo: pam_unix(sudo:session): session opened for user root(uid=0) by donay(uid=1000)
2026-08-26T05:31:03.209061+00:00 donay sudo: donay :  PWD=/home/donay ; USER=root ; COMMAND=/usr/bin/tee /etc/sudoers.d/attack
2026-08-26T05:31:03.270305+00:00 donay sudo: pam_unix(sudo:session): session closed for user root
2026-08-26T05:32:03.811443+00:00 donay sudo: pam_unix(sudo:session): session opened for user root(uid=0) by donay(uid=1000)
2026-08-26T05:32:03.815590+00:00 donay sudo: donay : TTY=/dev/tty1 ; PWD=/home/donay ; USER=root ; COMMAND=/usr/bin/chmod 0440 /etc/sudoers.d/attack
2026-08-26T05:32:03.828689+00:00 donay sudo: pam_unix(sudo:session): session closed for user root
2026-08-26T05:32:19.693630+00:00 donay su[4548]: (to attack) donay on tty1
2026-08-26T05:32:19.701760+00:00 donay su[4548]: pam_unix(su-l:session): session opened for user attack(uid=1002) by donay(uid=1000)
2026-08-26T05:32:23.981763+00:00 donay sudo: pam_unix(sudo:session): session opened for user root(uid=0) by donay(uid=1002)
2026-08-26T05:32:23.991147+00:00 donay sudo: attack : TTY=/dev/tty1 ; PWD=/home/attack ; USER=root ; COMMAND=/usr/bin/whoami 
2026-08-26T05:32:24.008575+00:00 donay sudo: pam_unix(sudo:session): session closed for user root
2026-08-26T05:32:54.715225+00:00 donay sshd-session[4593]: Accepted keyboard-interactive/pam for attack from 192.168.1.35 port 57206 ssh2
2026-08-26T05:32:54.718204+00:00 donay sshd-session[4593]: pam_unix(sshd:session): session opened for user attack(uid=1002) by attack(uid=0)
2026-08-26T05:32:54.799330+00:00 donay systemd-logind[1063]: New session '9' of user 'attack' with class 'user' and type 'tty'.
2026-08-26T05:32:54.905047+00:00 donay (systemd): pam_unix(systemd-user:session): session opened for user attack(uid=1002) by attack(uid=0)
2026-08-26T05:32:54.908172+00:00 donay systemd-logind[1063]: New session '10' of user 'attack' with class 'manager' and type 'unspecified'.
2026-08-26T05:32:56.646264+00:00 donay sshd-session[4593]: lastlog_openseek: Couldn't stat /var/log/lastlog: No such file or directory
2026-08-26T05:32:56.647402+00:00 donay sshd-session[4593]: lastlog_openseek: Couldn't stat /var/log/lastlog: No such file or directory
2026-08-26T05:33:03.928488+00:00 donay sudo: pam_unix(sudo-i:session): session opened for user root(uid=0) by attack(uid=1002)
2026-08-26T05:33:03.932065+00:00 donay sudo: attack : TTY=/dev/pts/0 ; PWD=/home/attack ; USER=root ; COMMAND=/usr/bin/bash 
2026-08-26T06:17:01.390256+00:00 donay CRON[4871]: pam_unix(cron:session): session opened for user root(uid=0) by root(uid=0)
2026-08-26T06:17:01.416760+00:00 donay CRON[4871]: pam_unix(cron:session): session closed for user root
2026-08-26T06:25:01.503451+00:00 donay CRON[4886]: pam_unix(cron:session): session opened for user root(uid=0) by root(uid=0)
2026-08-26T06:25:01.632850+00:00 donay CRON[4886]: pam_unix(cron:session): session closed for user root
2026-08-27T21:58:31.741227+00:00 donay sshd[1139]: Server listening on 0.0.0.0 port 2222.
2026-08-27T21:58:31.741232+00:00 donay sshd[1139]: Server listening on :: port 2222.
2026-08-27T21:58:31.741276+00:00 donay systemd-logind[1114]: New seat seat0.
2026-08-27T21:58:32.116858+00:00 donay systemd-logind[1114]: Watching system buttons on /dev/input/event0 (Power Button)
2026-08-27T21:58:32.119841+00:00 donay systemd-logind[1114]: Watching system buttons on /dev/input/event1 (Sleep Button)
2026-08-27T21:58:32.119871+00:00 donay systemd-logind[1114]: Watching system buttons on /dev/input/event2 (AT Translated Set 2 keyboard)
2026-08-27T21:59:15.056372+00:00 donay login: pam_unix(login:session): session opened for user donay(uid=1000) by donay(uid=0)
2026-08-27T21:59:15.266395+00:00 donay systemd-logind[1114]: New session '1' of user 'donay' with class 'user' and type 'tty'.
2026-08-27T21:59:16.096460+00:00 donay (systemd): pam_unix(systemd-user:session): session opened for user donay(uid=1000) by donay(uid=0)
2026-08-27T21:59:16.114641+00:00 donay systemd-logind[1114]: New session '2' of user 'donay' with class 'manager' and type 'unspecified'.
2026-08-27T22:00:02.610224+00:00 donay sshd-session[1801]: Accepted keyboard-interactive/pam for attack from 192.168.1.35 port 52400 ssh2
2026-08-27T22:00:02.632272+00:00 donay sshd-session[1801]: pam_unix(sshd:session): session opened for user attack(uid=1002) by attack(uid=0)
2026-08-27T22:00:02.723928+00:00 donay systemd-logind[1114]: New session '3' of user 'attack' with class 'user' and type 'tty'.
2026-08-27T22:00:02.849863+00:00 donay (systemd): pam_unix(systemd-user:session): session opened for user attack(uid=1002) by attack(uid=0)
2026-08-27T22:00:02.853402+00:00 donay systemd-logind[1114]: New session '4' of user 'attack' with class 'manager' and type 'unspecified'.
2026-08-27T22:00:03.754525+00:00 donay sshd-session[1801]: lastlog_openseek: Couldn't stat /var/log/lastlog: No such file or directory
2026-08-27T22:00:03.754795+00:00 donay sshd-session[1801]: lastlog_openseek: Couldn't stat /var/log/lastlog: No such file or directory
2026-08-27T22:05:07.172954+00:00 donay su[2019]: (to attack) donay on tty1
2026-08-27T22:05:07.181376+00:00 donay su[2019]: pam_unix(su-l:session): session opened for user attack(uid=1002) by donay(uid=1000)
2026-08-27T22:06:00.122084+00:00 donay su[2055]: (to donay) attack on tty1
2026-08-27T22:06:00.125400+00:00 donay su[2055]: pam_unix(su-l:session): session opened for user donay(uid=1000) by donay(uid=1002)
2026-08-27T22:06:36.143390+00:00 donay sudo: pam_unix(sudo:session): session opened for user root(uid=0) by donay(uid=1000)
2026-08-27T22:06:36.152016+00:00 donay sudo: donay : TTY=/dev/tty1 ; PWD=/home/donay ; USER=root ; COMMAND=/usr/sbin/usermod -aG sudo attack
2026-08-27T22:06:36.188555+00:00 donay usermod[2125]: add 'attack' to group 'sudo'
2026-08-27T22:06:36.189690+00:00 donay usermod[2125]: add 'attack' to shadow group 'sudo'
2026-08-27T22:06:36.215002+00:00 donay sudo: pam_unix(sudo:session): session closed for user root
2026-08-27T22:06:58.192168+00:00 donay sudo: pam_unix(sudo:session): session opened for user root(uid=0) by donay(uid=1000)
2026-08-27T22:06:58.192487+00:00 donay sudo: donay : TTY=/dev/tty1 ; PWD=/home/donay ; USER=root ; COMMAND=/usr/sbin/visudo 
2026-08-27T22:07:16.795628+00:00 donay sudo: pam_unix(sudo:session): session closed for user root
2026-08-27T22:08:50.992421+00:00 donay sshd-session[1882]: Received disconnect from 192.168.1.35 port 52400:11: disconnected by user
2026-08-27T22:08:51.007421+00:00 donay sshd-session[1882]: Disconnected from user attack 192.168.1.35 port 52400
2026-08-27T22:08:51.010114+00:00 donay sshd-session[1801]: pam_unix(sshd:session): session closed for user attack
2026-08-27T22:08:51.010571+00:00 donay sshd-session[1801]: syslogin_perform_logout: logout() returned an error
2026-08-27T22:08:51.025353+00:00 donay systemd-logind[1114]: Session 3 logged out. Waiting for processes to exit.
2026-08-27T22:08:51.046588+00:00 donay systemd-logind[1114]: Removed session 3.
2026-08-27T22:09:01.345572+00:00 donay systemd-logind[1114]: Removed session 4.
2026-08-27T22:09:16.304384+00:00 donay sshd-session[2193]: Accepted keyboard-interactive/pam for attack from 192.168.1.35 port 65292 ssh2
2026-08-27T22:09:16.308964+00:00 donay sshd-session[2193]: pam_unix(sshd:session): session opened for user attack(uid=1002) by attack(uid=0)
2026-08-27T22:09:16.343850+00:00 donay systemd-logind[1114]: New session '5' of user 'attack' with class 'user' and type 'tty'.
2026-08-27T22:09:16.460880+00:00 donay (systemd): pam_unix(systemd-user:session): session opened for user attack(uid=1002) by attack(uid=0)
2026-08-27T22:09:16.465489+00:00 donay systemd-logind[1114]: New session '6' of user 'attack' with class 'manager' and type 'unspecified'.
2026-08-27T22:09:18.769500+00:00 donay sshd-session[2193]: lastlog_openseek: Couldn't stat /var/log/lastlog: No such file or directory
2026-08-27T22:09:18.769726+00:00 donay sshd-session[2193]: lastlog_openseek: Couldn't stat /var/log/lastlog: No such file or directory
2026-08-27T22:11:02.285519+00:00 donay su[2322]: (to donay) attack on pts/0
2026-08-27T22:11:02.288073+00:00 donay su[2322]: pam_unix(su-l:session): session opened for user donay(uid=1000) by attack(uid=1002)
2026-08-27T22:12:27.601359+00:00 donay unix_chkpwd[2379]: password check failed for user (donay)
2026-08-27T22:12:27.604230+00:00 donay sudo: pam_unix(sudo-i:auth): authentication failure; logname=attack uid=1000 euid=0 tty=/dev/pts/0 ruser=donay rhost=  user=donay
2026-08-27T22:12:33.064649+00:00 donay sudo: pam_unix(sudo-i:session): session opened for user root(uid=0) by attack(uid=1000)
2026-08-27T22:12:33.073926+00:00 donay sudo: donay : TTY=/dev/pts/0 ; PWD=/home/donay ; USER=root ; COMMAND=/usr/bin/bash 
2026-08-27T22:17:01.899812+00:00 donay CRON[2472]: pam_unix(cron:session): session opened for user root(uid=0) by root(uid=0)
2026-08-27T22:17:01.918317+00:00 donay CRON[2472]: pam_unix(cron:session): session closed for user root
2026-08-27T23:17:01.763249+00:00 donay CRON[2761]: pam_unix(cron:session): session opened for user root(uid=0) by root(uid=0)
2026-08-27T23:17:01.785927+00:00 donay CRON[2761]: pam_unix(cron:session): session closed for user root
2026-08-28T00:17:02.102516+00:00 donay CRON[2879]: pam_unix(cron:session): session opened for user root(uid=0) by root(uid=0)
2026-08-28T00:17:02.106025+00:00 donay CRON[2879]: pam_unix(cron:session): session closed for user root
2026-08-28T00:30:02.655913+00:00 donay useradd[2936]: new group: name=hiddenuser, GID=1004
2026-08-28T00:30:02.656130+00:00 donay useradd[2936]: new user: name=hiddenuser, UID=1004, GID=1004, home=/home/hiddenuser, shell=/bin/bash, from=/dev/pts/1
2026-08-28T00:30:21.512328+00:00 donay chpasswd[2951]: pam_unix(chpasswd:chauthtok): password changed for hiddenuser
2026-08-28T00:30:31.393989+00:00 donay usermod[2965]: add 'hiddenuser' to group 'sudo'
2026-08-28T00:30:31.396498+00:00 donay usermod[2965]: add 'hiddenuser' to shadow group 'sudo'
